    1  00  31  01  mvi b,1         ; непосредственна€ загрузка 1 в rB
    2  02  19  39  stor b,I         ; i:=1
    3  04  40      in 0                ; ввод A
    4  05  18  37  stor a,A        ; a:=A
    5  07  51      adr a,b                ; A+1
    6  08  18  38  stor a,AI        ; AI:=A+1 (AI -текущее значение A+i)
    7  0a  18  36  stor a,F        ; F:=A+1 текущее значение функции (результат при N=2)
    8  0c  41      in 1                 ; ввод N в rA
    9  0d  78  01  sbi a,1                ; N-1
   10  0f  18  3a  stor a,N1        ; n1 = n-1
   11  11  b0  01  cmi a,1         ; сравнить (rA) с 0 (n-1=1 ?)
   12  13  ba  32  jz exit         ; перейти по символическому адресу exit при (rA)=0
   13  15  38      xchg                 ; (rA)-(rB) : в rA - 1(i:=1); в rB - N-1
   14  16  10  38  cycl: load a,AI        ; в rA текущее значение функции
   15  18  31  01  mvi b,1                ; непосредственна€ загрузка 1 в rB
   16  1a  51      adr a,b                ; (A+i)+1
   17  1b  18  38  stor a,AI        ; AI:=(A+i)+1(AI -текущее значение A+i)
   18  1d  11  36  load b,F        ; в rB текущее значение функции
   19  1f  80      mur a,a         ; (rB)*(rA)->(rA,rB) (A+i)*F
   20  20  19  36  stor b,F        ; F=(A+i)*F
   21  22  11  39  load b,I        ; I в rB
   22  24  61  01  adi b,1         ; I+1
   23  26  19  39  stor b,I         ; I=I+1
   24  28  10  36  load a,F        ; lllllllllllllllllllllllllllllllllllllllll
   25  2a  4f      out 7                ; lllllllllllllllllllllllllllllllllllllllll
   26  2b  11  3a  load b,N1        ; загрузить в rB N
   27  2d  10  39  load a,I        ; загрузить в rA I
   28  2f  a9      cmr a,b         ; в соответствии с операцией   (R1)-(R2)
   29  30  b9  16  jn cycl         ; переход по признаку P (I==n)
   30  32  10  36  exit: load a,F         ; (rA)<- результат вычислени€ выражени€
   31  34  4f      out 7                 ; вывод результата в порт 1
   32  35  f8      stop                 ; стоп
   33  36  00      F: .ds 1        ; €чейка под текущее значение функции
   34  37  00      A: .ds 1        ; €чейка под A
   35  38  00      AI: .ds 1         ; €чейка под текущее значение A+i
   36  39  00      I: .ds 1         ; €чейка под текущее i
   37  3a  00      N1: .ds 1         ; €чейка дл€ хранени€ N-1

    ***** Т†°Ђ®ж† ѓ•а•™а•бв≠ле бблЂЃ™ *****
  ®ђп     Ѓѓа•§•Ђ•≠®•     бблЂ™®

 N1       3a              2c  10                                               
 I        39              2e  27  23  3                                        
 F        36              33  29  21  1e  b                                    
 EXIT     32              14                                                   
 CYCL     16              31                                                   
 AI       38              1c  17  9                                            
 A        37              6                                                    

  **** Н• Ѓ°≠†аг¶•≠Ѓ Ѓи®°Ѓ™. Убѓ•и≠Ѓ• І†Ґ•аи•≠®• ****

