    1  00  40      in 0                ;ввод числа 'A' из порта с адресом 0 в РОН a
    2  01  18  29  stor a,A        ;запомнить число 'A' по символическому адресу A
    3  03  41      in 1                ;ввод числа 'B' из порта с адресом 1 в РОН a
    4  04  18  2a  stor a,B        ;запомнить число 'B' по символическому адресу B
    5  06  42      in 2                ;ввод числа 'C' из порта с адресом 2 в РОН a
    6  07  18  2b  stor a,C        ;запомнить число 'C' по символическому адресу C
    7  09  43      in 3                ;ввод числа 'D' из порта с адресом 3 в РОН a
    8  0a  18  2c  stor a,D        ;запомнить число 'D' по символическому адресу D
   10  0c  11  29  load b,A        ;
   11  0e  90  01  mui a, 1        ;
   12  10  98  2a  dvm a,B                ;
   13  12  19  2d  stor b,tmp        ;
   15  14  11  2c  load b,D        ;
   16  16  88  2c  mum a,D                ;
   17  18  19  2e  stor b,tmp2        ;
   20  1a  11  2b  load b,C        ;
   21  1c  90  01  mui a, 1        ;
   22  1e  98  2e  dvm a,tmp2        ;
   23  20  19  2e  stor b,tmp2        ;
   25  22  10  2d  load a,tmp        ;
   26  24  11  2e  load b,tmp2        ;
   27  26  69      SBR a,b                ;
   28  27  4f      out 7                ;
   29  28  f8      stop                ;стоп
   30  29  00      A: .ds 1        ;ячейка (1 зарезервированный байт) для A
   31  2a  00      B: .ds 1        ;ячейка (1 зарезервированный байт) для B
   32  2b  00      C: .ds 1        ;ячейка (1 зарезервированный байт) для C
   33  2c  00      D: .ds 1        ;ячейка (1 зарезервированный байт) для D
   34  2d  00      tmp: .ds 1        ;ячейка (1 зарезервированный байт) для tmp
   35  2e  00      tmp2: .ds 1        ;ячейка (1 зарезервированный байт) для tmp2

    ***** ’ Ў«Ёж  ЇҐаҐЄаҐбв­ле ббл«®Є *****
  Ё¬п     ®ЇаҐ¤Ґ«Ґ­ЁҐ     ббл«ЄЁ

 TMP2     2e              25  21  1f  19                                       
 TMP      2d              23  13                                               
 D        2c              17  15  b                                            
 C        2b              1b  8                                                
 B        2a              11  5                                                
 A        29              d   2                                                

  **** ЌҐ ®Ў­ аг¦Ґ­® ®иЁЎ®Є. “бЇҐи­®Ґ § ўҐаиҐ­ЁҐ ****

