    1  00  40      in 0                ;ввод D
    2  01  0a      mov b,a                ;скопировать rA в rB
    3  02  80      mur a,a                ;rB*rA D*D
    4  03  21      push b                ;D*D в стек
    5  04  41      in 1                ;ввод C
    6  05  0a      mov b,a                ;скопировть rA в rB
    7  06  90  01  mui a,1                ;распространение знака
    8  08  9c  81  dvm a,1(sp)        ;dB(C)/вершину стека(D*D)
    9  0a  21      push b                ;C/(D*D) в стек
   10  0b  42      in 2                ;ввод B
   11  0c  20      push a                ;B в стек
   12  0d  43      in 3                ;ввод A
   13  0e  0a      mov b,a                ;скопировть rA в rB
   14  0f  90  01  mui a,1                ;распространение знака
   15  11  9c  81  dvm a,1(sp)        ;dB(A)/вершину стека(B)
   16  13  28      pop a                ;вытолкнуть B из стека
   17  14  28      pop a                ;вытолкнуть C/(D*D) из стека
   18  15  6a      sbr b,a                ;rB-rA
   19  16  09      mov a,b                ;скопировть rB в rA
   20  17  4f      out 7                ;вывести в 7 порт
   21  18  f8      stop                ;останов

    ***** Т†°Ђ®ж† ѓ•а•™а•бв≠ле бблЂЃ™ *****
  ®ђп     Ѓѓа•§•Ђ•≠®•     бблЂ™®


  **** Н• Ѓ°≠†аг¶•≠Ѓ Ѓи®°Ѓ™. Убѓ•и≠Ѓ• І†Ґ•аи•≠®• ****

