    1  00  31  01  mvi b,1         ; непосредственна€ загрузка 1 в rB
    2  02  19  3b  stor b,I         ; i:=1
    3  04  40      in 0                ; ввод A
    4  05  18  39  stor a,A        ; a:=A
    5  07  51      adr a,b                ; A+1
    6  08  18  3a  stor a,AI        ; AI:=A+1 (AI -текущее значение A+i)
    7  0a  18  38  stor a,F        ; F:=A+1 текущее значение функции (результат при N=2)
    8  0c  41      in 1                 ; ввод N в rA
    9  0d  78  01  sbi a,1                ; N-1
   10  0f  18  3c  stor a,N1        ; n1 = n-1
   11  11  b0  01  cmi a,1         ; сравнить (rA) с 0 (n-1=1 ?)
   12  13  ba  34  jz exit         ; перейти по символическому адресу exit при (rA)=0
   13  15  38      xchg                 ; (rA)-(rB) : в rA - 1(i:=1); в rB - N-1
   14  16  11  3c  cycl: load b,N1        ; загрузить в rB N
   15  18  10  3b  load a,I        ; загрузить в rA I
   16  1a  a9      cmr a,b         ; в соответствии с операцией   (R1)-(R2)
   17  1b  ba  34  jz exit         ; переход по признаку P (I==n)
   18  1d  10  3a  load a,AI        ; в rA текущее значение функции
   19  1f  31  01  mvi b,1                ; непосредственна€ загрузка 1 в rB
   20  21  51      adr a,b                ; (A+i)+1
   21  22  18  3a  stor a,AI        ; AI:=(A+i)+1(AI -текущее значение A+i)
   22  24  11  38  load b,F        ; в rB текущее значение функции
   23  26  80      mur a,a         ; (rB)*(rA)->(rA,rB) (A+i)*F
   24  27  19  38  stor b,F        ; F=(A+i)*F
   25  29  11  3b  load b,I        ; I в rB
   26  2b  61  01  adi b,1         ; I+1
   27  2d  19  3b  stor b,I         ; I=I+1
   28  2f  10  38  load a,F        ; lllllllllllllllllllllllllllllllllllllllll
   29  31  4f      out 7                ; lllllllllllllllllllllllllllllllllllllllll
   31  32  b8  16  jmp cycl         ; переход на проверку услови€ окончани€ цикла
   32  34  10  38  exit: load a,F         ; (rA)<- результат вычислени€ выражени€
   33  36  4f      out 7                 ; вывод результата в порт 1
   34  37  f8      stop                 ; стоп
   35  38  00      F: .ds 1        ; €чейка под текущее значение функции
   36  39  00      A: .ds 1        ; €чейка под A
   37  3a  00      AI: .ds 1         ; €чейка под текущее значение A+i
   38  3b  00      I: .ds 1         ; €чейка под текущее i
   39  3c  00      N1: .ds 1         ; €чейка дл€ хранени€ N-1

    ***** Т†°Ђ®ж† ѓ•а•™а•бв≠ле бблЂЃ™ *****
  ®ђп     Ѓѓа•§•Ђ•≠®•     бблЂ™®

 N1       3c              17  10                                               
 I        3b              2e  2a  19  3                                        
 F        38              35  30  28  25  b                                    
 EXIT     34              1c  14                                               
 CYCL     16              33                                                   
 AI       3a              23  1e  9                                            
 A        39              6                                                    

  **** Н• Ѓ°≠†аг¶•≠Ѓ Ѓи®°Ѓ™. Убѓ•и≠Ѓ• І†Ґ•аи•≠®• ****

