    1  00  31  01  mvi b,1         ; непосредственна€ загрузка 1 в rB
    2  02  19  2e  stor b,I         ; i:=1
    3  04  40      in 0                ; ввод A
    4  05  18  2c  stor a,A        ; a:=A
    5  07  51      adr a,b                ; A+1
    6  08  18  2d  stor a,AI        ; AI:=A+1 (AI -текущее значение A+i)
    7  0a  18  2b  stor a,F        ; F:=A+1 текущее значение функции (результат при N=2)
    8  0c  41      in 1                 ; ввод N в rA
    9  0d  78  01  sbi a,1                ; N-1
   10  0f  18  2f  stor a,N1        ; n1 = n-1
   11  11  b0  01  cmi a,1         ; сравнить (rA) с 0 (n-1=1 ?)
   12  13  ba  27  jz exit         ; перейти по символическому адресу exit при (rA)=0
   13  15  78  01  sbi a,1                ; rA=N-2
   14  17  20      cycl: push a        ; сохранить rA в стеке(счетчик цикла)
   15  18  10  2d  load a,AI        ; в rA текущее значение функции
   16  1a  31  01  mvi b,1                ; непосредственна€ загрузка 1 в rB
   17  1c  51      adr a,b                ; (A+i)+1
   18  1d  18  2d  stor a,AI        ; AI:=(A+i)+1(AI -текущее значение A+i)
   19  1f  11  2b  load b,F        ; в rB текущее значение функции
   20  21  80      mur a,a         ; (rB)*(rA)->(rA,rB) (A+i)*F
   21  22  19  2b  stor b,F        ; F=(A+i)*F
   22  24  28      pop a                ;
   23  25  e0  17  loop a,cycl        ;
   24  27  10  2b  exit: load a,F         ; (rA)<- результат вычислени€ выражени€
   25  29  4f      out 7                 ; вывод результата в порт 1
   26  2a  f8      stop                 ; стоп
   27  2b  00      F: .ds 1        ; €чейка под текущее значение функции
   28  2c  00      A: .ds 1        ; €чейка под A
   29  2d  00      AI: .ds 1         ; €чейка под текущее значение A+i
   30  2e  00      I: .ds 1         ; €чейка под текущее i
   31  2f  00      N1: .ds 1         ; €чейка дл€ хранени€ N-1

    ***** Т†°Ђ®ж† ѓ•а•™а•бв≠ле бблЂЃ™ *****
  ®ђп     Ѓѓа•§•Ђ•≠®•     бблЂ™®

 N1       2f              10                                                   
 I        2e              3                                                    
 F        2b              28  23  20  b                                        
 EXIT     27              14                                                   
 CYCL     17              26                                                   
 AI       2d              1e  19  9                                            
 A        2c              6                                                    

  **** Н• Ѓ°≠†аг¶•≠Ѓ Ѓи®°Ѓ™. Убѓ•и≠Ѓ• І†Ґ•аи•≠®• ****

