    1  00  00                      ; программа вычисляет Y:= F(X,Y) + F(Y,X) - F(2,3)
    2  00  00                      ; ЗАПИСЬ X,Y
    3  00  40      in 0                        ; ввод X (содерж. порта 0 заносится в rA)
    4  01  0a      mov b,a                        ; пересылка регистров (содержимое rA копир. в rB
    5  02  41      in 1                        ; ввод Y (содерж. порта 1 заносится в rA)
    6  03  38      xchg                        ; обмен регистров (rA и rB обмениваются содержимым)
    7  04  18  1f  stor a,X                ; запись rA в X (содерж. rA копир. по абс. адр. X)
    8  06  19  20  stor b,Y                ; запись rB в Y (содерж. rB копир. по абс. адр. Y)
    9  08  00                      ; ПОСЧЁТ Y
   10  08  c0  21  call FUNC                ; вызов функции и подсчёт F(X,Y)
   11  0a  20      push a                        ; положить F(X,Y) в стек из rA
   12  0b  10  20  load a,Y                ; скопировать содержимое о адресу Y в rA
   13  0d  11  1f  load b,X                ; скопировать содержимое о адресу X в rB 
   14  0f  c0  21  call FUNC                ; вызов функции и подсчёт F(Y,X)
   15  11  29      pop b                        ; вытянуть F(X,Y) из стека в rB
   16  12  51      adr a,b                        ; сложение F(Y,X)+F(X,Y) (rA + rB, рез. в rA)
   17  13  20      push a                        ; положить F(Y,X)+F(X,Y) в стек из rA
   18  14  30  02  mvi a,2                        ; непосредственная загрузка 2 в rA
   19  16  31  03  mvi b,3                        ; непосредственная загрузка 3 в rB 
   20  18  c0  21  call FUNC                ; вызов функции и подсчёт F(Y,X)
   21  1a  29      pop b                        ; вытянуть F(Y,X)+F(X,Y) из стека в rB
   22  1b  38      xchg                        ; обмен регистров (rA и rB обмениваются содержимым)
   23  1c  69      sbr a,b                        ; [F(Y,X)+F(X,Y)] - F(2,3)
   24  1d  4a      out 2                        ; вывести в канал 2
   25  1e  f8      stop                        ; останов
   26  1f  00      X: .ds 1                ; резервир. 1 байта под массив X
   27  20  00      Y: .ds 1                ; резервир. 1 байта под массив Y
   29  21  00                      ; подпрограмма вычисления F(A,B)= (B*B-1) + (A+B)*(A+B)
   30  21  00                      ; вход: (rA) - A; (rB) - B
   31  21  00                      ; выход: (rA) - (B*B-1) + (A+B)*(A+B)
   32  21  21      FUNC: push b                ; положить B из rB в стек 
   33  22  51      adr a,b                        ; сложение регистров (rA + rB, рез. в rA)
   34  23  38      xchg                        ; обмен rA и rB содержимым (A+B в rB)
   35  24  81      mur a,b                        ; умножение (A+B)^2 ((A+B) в R+1 т.е. в rB
   36  25  00                              ; умножается на (A+B) в rB) рез. - в паре рег.
   37  25  28      pop a                        ; вытянуть B из стека в rA
   38  26  21      push b                        ; положить (A+B)^2 в стек
   39  27  38      xchg                        ; обмен rA и rB содержимым (A+B в rB)
   40  28  81      mur a,b                        ; умножение B*B (B в R+1 т.е. в rB
   41  29  00                              ; умножается на B в rB) рез. - в паре рег.
   42  29  79  01  sbi b,1                        ; B*B-1 (непосред. вычит. rB-1) рез. в rB
   43  2b  28      pop a                        ; вытянуть (A+B)^2 из стека
   44  2c  51      adr a,b                        ; [B*B-1]+[(A+B)^2] (rA+rB, рез. в rA)
   45  2d  c8      ret                        ; возврат в вызывающую программу

    ***** ’ Ў«Ёж  ЇҐаҐЄаҐбв­ле ббл«®Є *****
  Ё¬п     ®ЇаҐ¤Ґ«Ґ­ЁҐ     ббл«ЄЁ

 Y        20              c   7                                                
 X        1f              e   5                                                
 FUNC     21              19  10  9                                            

  **** ЌҐ ®Ў­ аг¦Ґ­® ®иЁЎ®Є. “бЇҐи­®Ґ § ўҐаиҐ­ЁҐ ****

