    1  00  00                      ; программа вычисл€ет Y:= F(X,Y) + F(Y,X) - F(2,3)
    2  00  00                      ; ѕќƒ√ќ“ќ¬»“№ “јЅЋ»÷” јƒ–≈—ќ¬ ѕј–јћ≈“–ќ¬
    3  00  30  15  mvi a,AA                ; непосредственна€ загрузка операнда AA в rA
    4  02  18  17  stor a,TABPAR1                ; операнд из rA коируетс€ по абс. адресу TABPAR1
    5  04  30  16  mvi a,BB                ; непосредственна€ загрузка операнда BB в rA
    6  06  18  18  stor a,TABPAR2                 ; операнд из rA коируетс€ по абс. адресу TABPAR2
    7  08  00                      ; «јѕ»—№ X,Y
    8  08  40      in 0                        ; ввод X (содерж. порта 0 заноситс€ в rA)
    9  09  0a      mov b,a                        ; пересылка регистров (содержимое rA копир. в rB
   10  0a  41      in 1                        ; ввод Y (содерж. порта 1 заноситс€ в rA)
   11  0b  19  15  stor b,AA                ; запись rB (X) в AA (содерж. rB копир. по абс. адр. A
   12  0d  18  16  stor a,BB                ; запись rA (Y) в BB (содерж. rA копир. по абс. адр. B
   13  0f  00                      ; ѕќ—„®“ Y
   14  0f  30  17  mvi a,TABPAR1                ;
   15  11  c0  19  call FUNC                ; вызов функции и подсчЄт F(X,Y)
   16  13  4a      out 2                        ; вывести в канал 2
   17  14  f8      Stop                        ; останов
   18  15  00      AA: .ds 1                ; резервир. 1 байта под параметр функ. F(A,B)
   19  16  00      BB: .ds 1                ; резервир. 1 байта под параметр функ. F(A,B)
   20  17  00      TABPAR1: .ds 1                ; резервир. 1 байта под ссылку на A
   21  18  00      TABPAR2: .ds 1                ; резервир. 1 байта под ссылку на B
   22  19  00                      ; подпрограмма вычислени€ F(A,B)= (B*B-1) + (A+B)*(A+B)
   23  19  00                      ; вход: (rA) - A; (rB) - B
   24  19  00                      ; выход: (rA) - (B*B-1) + (A+B)*(A+B)
   25  19  15  00  FUNC: load b,0(a);
   26  1b  14  40  load a,0(b);
   27  1d  c8      ret;

    ***** Т†°Ђ®ж† ѓ•а•™а•бв≠ле бблЂЃ™ *****
  ®ђп     Ѓѓа•§•Ђ•≠®•     бблЂ™®

 TABPAR2  18              7                                                    
 TABPAR1  17              10  3                                                
 FUNC     19              12                                                   
 BB       16              e   5                                                
 AA       15              c   1                                                

  **** Н• Ѓ°≠†аг¶•≠Ѓ Ѓи®°Ѓ™. Убѓ•и≠Ѓ• І†Ґ•аи•≠®• ****

