    1  00  40      in 0                ;ввод A
    2  01  18  2c  stor a,A        ;запомнить в A
    3  03  41      in 1                ;ввод F
    4  04  18  2e  stor a,F        ;запомнить в F
    5  06  42      in 2                ;ввод B
    6  07  18  2d  stor a,B        ;запомнить в B
    7  09  b0  00  cmi a,0                ;сравнить (rA) c 0 (установить регистр флагов)
    8  0b  ba  20  jz label1        ;переход, если установлен признак Z (X==0)
    9  0d  38      xchg                ;обмен содержимого rA и rB
   10  0e  81      mur a,b                ;rB*rB результат в rB (B*B)
   11  0f  21      push b                ;B*B в стек
   12  10  38      xchg                ;обмен содержимого rA и rB
   13  11  11  2c  load b,A        ;загрузить A в rB
   14  13  81      mur a,b                ;rB*rB результат в rB (A*A)
   15  14  90  01  mui a,1                ;распространение знака
   16  16  9c  81  dvm a,1(sp)        ;(rA,rB)/((sp)+1),частное в rB, остаток в rA : C
   17  18  28      pop a                ;очистить стек
   18  19  21      push b                ;положить (A*A)/(B*B) в стек
   19  1a  10  2e  load a,F        ;загрузить F в rA
   20  1c  5c  81  adm a,1(sp)        ;сложить rA и загрузить A в rB
   21  1e  b8  2a  jmp label2        ;безусловный переход на вывод
   22  20  11  2e  label1: load b,F;загрузить F в rB
   23  22  81      mur a,b                ;rB*rB результат в rB (F*F)
   24  23  21      push b                ;F*F в стек
   25  24  11  2c  load b,A        ;загрузить A в rB
   26  26  81      mur a,b                ;rB*rB результат в rB (A*A)
   27  27  38      xchg                ;
   28  28  5c  81  adm a,1(sp)        ;
   29  2a  4f      label2: out 7        ;вывод в 7 порт
   30  2b  f8      stop                ;
   31  2c  00      A: .ds 1 ; €чейки
   32  2d  00      B: .ds 1 ; дл€
   33  2e  00      F: .ds 1 ; хранени€

    ***** Т†°Ђ®ж† ѓ•а•™а•бв≠ле бблЂЃ™ *****
  ®ђп     Ѓѓа•§•Ђ•≠®•     бблЂ™®

 LABEL2   2a              1f                                                   
 LABEL1   20              c                                                    
 F        2e              21  1b  5                                            
 B        2d              8                                                    
 A        2c              25  12  2                                            

  **** Н• Ѓ°≠†аг¶•≠Ѓ Ѓи®°Ѓ™. Убѓ•и≠Ѓ• І†Ґ•аи•≠®• ****

