    1  00  40      in 0                ;ввод числа 'A' из порта с адресом 0 в РОН a
    2  01  18  11  stor a,A        ;запомнить число 'A' по символическому адресу A
    3  03  41      in 1                ;ввод числа 'B' из порта с адресом 1 в РОН a
    4  04  18  12  stor a,B        ;запомнить число 'B' по символическому адресу B
    5  06  42      in 2                ;ввод числа 'C' из порта с адресом 2 в РОН a
    6  07  18  13  stor a,C        ;запомнить число 'C' по символическому адресу C
    7  09  43      in 3                ;ввод числа 'D' из порта с адресом 3 в РОН a
    8  0a  18  14  stor a,D        ;запомнить число 'D' по символическому адресу D
    9  0c  11  11  load b,A        ;загрузить в RB(РОН b) A
   10  0e  90  01  mui  A,1        ;расширить знак(преобразоватьслововдвойноеслово) 
   11  10  f8      stop                ;стоп
   12  11  00      A: .ds 1        ;ячейка (1 зарезервированный байт) для A
   13  12  00      B: .ds 1        ;ячейка (1 зарезервированный байт) для B
   14  13  00      C: .ds 1        ;ячейка (1 зарезервированный байт) для C
   15  14  00      D: .ds 1        ;ячейка (1 зарезервированный байт) для D
   16  15  00      tmp: .ds 1        ;ячейка (1 зарезервированный байт) для tmp

    ***** ’ Ў«Ёж  ЇҐаҐЄаҐбв­ле ббл«®Є *****
  Ё¬п     ®ЇаҐ¤Ґ«Ґ­ЁҐ     ббл«ЄЁ

 TMP      15                                                                   
 D        14              b                                                    
 C        13              8                                                    
 B        12              5                                                    
 A        11              d   2                                                

  **** ЌҐ ®Ў­ аг¦Ґ­® ®иЁЎ®Є. “бЇҐи­®Ґ § ўҐаиҐ­ЁҐ ****

